pages/employees/ManagerDashboard.tsx(479,10): error TS17008: JSX element 'DashboardErrorBoundary' has no corresponding closing tag.
pages/employees/ManagerDashboard.tsx(1775,1): error TS1381: Unexpected token. Did you mean `{'}'}` or `&rbrace;`?
pages/employees/ManagerDashboard.tsx(1778,1): error TS1005: '</' expected.
